// Vitest Snapshot v1, https://vitest.dev/guide/snapshot.html

exports[`Favorites component > renders correctly with Thumbnail components 1`] = `
<div>
  <div
    class="css-qq6tp8"
  >
    <h2
      class="chakra-heading css-b0qdn7"
    >
      Favorites
    </h2>
    <div
      class="css-j7qwjs"
    >
      <div
        class="css-1khoe0f"
      />
    </div>
  </div>
</div>
`;
